===== EXPERIMENT =====
CASE=oom-after
STARTED_AT=2026-09-12T00:59:50+00:00
PID=31
LAUNCHER_PID=26
ARCH=aarch64
MEMORY_LIMIT=100
CPU_MAX_OCCUPY=10
MULTI_THREAD_ENABLE=false
TIME_LIMIT_SECONDS=18
TIMED_OUT=false
PROCESS_EXIT_STATUS=137

===== MONITOR =====
TIMESTAMP,PID,CPU_PERCENT,RSS_KB,MEM_MB,STATE,THREADS,ELAPSED
2026-09-12T00:59:51+00:00,31,0.0,16728,16.34,SN,1,00:00
2026-09-12T00:59:52+00:00,31,2.0,16728,16.34,SN,1,00:01
2026-09-12T00:59:53+00:00,31,1.0,42332,41.34,SN,1,00:02
2026-09-12T00:59:54+00:00,31,0.6,42332,41.34,SN,1,00:03
2026-09-12T00:59:55+00:00,31,0.5,42332,41.34,SN,1,00:04
2026-09-12T00:59:56+00:00,31,0.8,67936,66.34,SN,1,00:05
2026-09-12T00:59:57+00:00,31,0.6,67936,66.34,SN,1,00:06
2026-09-12T00:59:58+00:00,31,0.5,67936,66.34,SN,1,00:07
2026-09-12T00:59:59+00:00,31,0.6,93540,91.35,SN,1,00:08
2026-09-12T01:00:00+00:00,31,0.5,93540,91.35,SN,1,00:09
2026-09-12T01:00:01+00:00,31,0.5,93540,91.35,SN,1,00:10
2026-09-12T01:00:02+00:00,31,EXITED,,,,,

===== APPLICATION =====
>>> Starting Agent Boot Sequence...
[1/6] Checking User Account               [OK]
   ... Running as service user 'learner' (uid=1000)
[2/6] Verifying Environment Variables     [OK]
   ... All required Envs correct
[3/6] Checking Required Files             [OK]
   ... Verified 'secret.key' with correct key string.
[4/6] Checking Port Availability          [OK]
   ... Port 15034 is available.
[5/6] Verifying Log Permission            [OK]
   ... Log directory is writable: /tmp/agent-b1-2.RBQyVf/home/logs
[6/6] Verifying Mission Environment       [OK]
   ... MEMORY_LIMIT=100MB, CPU_MAX_OCCUPY=10%, MULTI_THREAD_ENABLE=False
------------------------------------------------------------
All Boot Checks Passed!
Agent READY
2026-09-12 00:59:51,093 [INFO] [SafetyGuard] Process priority lowered (nice=10).
2026-09-12 00:59:51,093 [INFO] Agent listening at port 15034

==================================================
 [ Agent Initiate ] Resource Check 
==================================================
 [ MEMORY ] Limit: 100MB 		[ WARNING: Recommend Over 256MB ]
 [ CPU    ] Limit: 10%  		[ OK ]
 [ THREAD ] Concurrency: False 		[ OK ]
--------------------------------------------------
 >>> SYSTEM STATUS: STABLE. STARTING WORKLOAD MONITORING...
==================================================

2026-09-12 00:59:53,101 [INFO] [MemoryWorker] Current Heap: 25MB
2026-09-12 00:59:56,128 [INFO] [MemoryWorker] Current Heap: 50MB
2026-09-12 00:59:59,148 [INFO] [MemoryWorker] Current Heap: 75MB
2026-09-12 01:00:02,172 [INFO] [MemoryWorker] Current Heap: 100MB
2026-09-12 01:00:02,173 [CRITICAL] [MemoryGuard] Memory limit exceeded (100MB >= 100MB) / (Recommend Over 256MB)
2026-09-12 01:00:02,173 [CRITICAL] [MemoryGuard] Self-terminating process 31 to prevent system instability.

===== END =====
