===== EXPERIMENT =====
CASE=cpu-before
STARTED_AT=2026-09-12T01:07:26+00:00
PID=30
LAUNCHER_PID=25
ARCH=aarch64
MEMORY_LIMIT=512
CPU_MAX_OCCUPY=100
MULTI_THREAD_ENABLE=false
TIME_LIMIT_SECONDS=70
TIMED_OUT=false
PROCESS_EXIT_STATUS=143

===== MONITOR =====
TIMESTAMP,PID,CPU_PERCENT,RSS_KB,MEM_MB,STATE,THREADS,ELAPSED
2026-09-12T01:07:26+00:00,30,0.0,16724,16.33,SN,1,00:00
2026-09-12T01:07:27+00:00,30,2.0,16724,16.33,SN,1,00:01
2026-09-12T01:07:28+00:00,30,1.5,16788,16.39,SN,1,00:02
2026-09-12T01:07:29+00:00,30,1.0,16788,16.39,SN,1,00:03
2026-09-12T01:07:30+00:00,30,0.7,16788,16.39,SN,1,00:04
2026-09-12T01:07:31+00:00,30,0.6,16788,16.39,SN,1,00:05
2026-09-12T01:07:33+00:00,30,0.6,16788,16.39,SN,1,00:06
2026-09-12T01:07:34+00:00,30,0.5,16788,16.39,SN,1,00:07
2026-09-12T01:07:35+00:00,30,0.5,16788,16.39,SN,1,00:08
2026-09-12T01:07:36+00:00,30,0.6,16788,16.39,SN,1,00:09
2026-09-12T01:07:37+00:00,30,0.6,16788,16.39,SN,1,00:10
2026-09-12T01:07:38+00:00,30,0.5,16788,16.39,SN,1,00:11
2026-09-12T01:07:39+00:00,30,0.7,16788,16.39,SN,1,00:12
2026-09-12T01:07:40+00:00,30,0.6,16788,16.39,SN,1,00:13
2026-09-12T01:07:41+00:00,30,0.6,16788,16.39,SN,1,00:14
2026-09-12T01:07:42+00:00,30,0.7,16788,16.39,SN,1,00:15
2026-09-12T01:07:43+00:00,30,0.6,16788,16.39,SN,1,00:16
2026-09-12T01:07:44+00:00,30,0.6,16788,16.39,SN,1,00:17
2026-09-12T01:07:45+00:00,30,0.7,16788,16.39,SN,1,00:18
2026-09-12T01:07:46+00:00,30,0.7,16788,16.39,SN,1,00:19
2026-09-12T01:07:47+00:00,30,0.7,16788,16.39,SN,1,00:20
2026-09-12T01:07:48+00:00,30,0.8,16788,16.39,SN,1,00:21
2026-09-12T01:07:49+00:00,30,0.8,16788,16.39,SN,1,00:22
2026-09-12T01:07:50+00:00,30,0.7,16788,16.39,SN,1,00:23
2026-09-12T01:07:51+00:00,30,0.8,16788,16.39,SN,1,00:24
2026-09-12T01:07:52+00:00,30,0.8,16788,16.39,SN,1,00:25
2026-09-12T01:07:53+00:00,30,0.8,16788,16.39,SN,1,00:26
2026-09-12T01:07:54+00:00,30,0.9,16788,16.39,SN,1,00:27
2026-09-12T01:07:55+00:00,30,0.9,16788,16.39,SN,1,00:28
2026-09-12T01:07:56+00:00,30,0.8,16788,16.39,SN,1,00:29
2026-09-12T01:07:57+00:00,30,EXITED,,,,,

===== APPLICATION =====
>>> Starting Agent Boot Sequence...
[1/6] Checking User Account               [OK]
   ... Running as service user 'learner' (uid=1000)
[2/6] Verifying Environment Variables     [OK]
   ... All required Envs correct
[3/6] Checking Required Files             [OK]
   ... Verified 'secret.key' with correct key string.
[4/6] Checking Port Availability          [OK]
   ... Port 15034 is available.
[5/6] Verifying Log Permission            [OK]
   ... Log directory is writable: /tmp/agent-b1-2.DYAwjL/home/logs
[6/6] Verifying Mission Environment       [OK]
   ... MEMORY_LIMIT=512MB, CPU_MAX_OCCUPY=100%, MULTI_THREAD_ENABLE=False
------------------------------------------------------------
All Boot Checks Passed!
Agent READY
2026-09-12 01:07:26,924 [INFO] [SafetyGuard] Process priority lowered (nice=10).
2026-09-12 01:07:26,924 [INFO] Agent listening at port 15034

==================================================
 [ Agent Initiate ] Resource Check 
==================================================
 [ MEMORY ] Limit: 512MB 		[ OK ]
 [ CPU    ] Limit: 100%  		[ WARNING: Recommend Under 50% ]
 [ THREAD ] Concurrency: False 		[ OK ]
--------------------------------------------------
 >>> SYSTEM STATUS: STABLE. STARTING WORKLOAD MONITORING...
==================================================

2026-09-12 01:07:28,938 [INFO] [CpuWorker] Started. Maximum CPU Limit: 100%
2026-09-12 01:07:28,939 [INFO] [CpuWorker] Current Load: 5.00%
2026-09-12 01:07:32,064 [INFO] [CpuWorker] Current Load: 11.71%
2026-09-12 01:07:35,191 [INFO] [CpuWorker] Current Load: 20.33%
2026-09-12 01:07:38,318 [INFO] [CpuWorker] Current Load: 23.18%
2026-09-12 01:07:41,444 [INFO] [CpuWorker] Current Load: 23.97%
2026-09-12 01:07:44,571 [INFO] [CpuWorker] Current Load: 29.18%
2026-09-12 01:07:47,699 [INFO] [CpuWorker] Current Load: 31.41%
2026-09-12 01:07:50,818 [INFO] [CpuWorker] Current Load: 38.64%
2026-09-12 01:07:53,947 [INFO] [CpuWorker] Current Load: 44.80%
2026-09-12 01:07:57,078 [INFO] [CpuWorker] Current Load: 53.84%
2026-09-12 01:07:57,185 [CRITICAL] [CpuWorker] CPU Threshold Violated! (53.839999999999996%).

===== END =====
