===== EXPERIMENT =====
CASE=cpu-after
STARTED_AT=2026-09-12T01:07:59+00:00
PID=31
LAUNCHER_PID=26
ARCH=aarch64
MEMORY_LIMIT=512
CPU_MAX_OCCUPY=10
MULTI_THREAD_ENABLE=false
TIME_LIMIT_SECONDS=25
TIMED_OUT=true
PROCESS_EXIT_STATUS=143

===== MONITOR =====
TIMESTAMP,PID,CPU_PERCENT,RSS_KB,MEM_MB,STATE,THREADS,ELAPSED
2026-09-12T01:07:59+00:00,31,0.0,16728,16.34,SN,1,00:00
2026-09-12T01:08:00+00:00,31,2.0,16728,16.34,SN,1,00:01
2026-09-12T01:08:01+00:00,31,1.0,16728,16.34,SN,1,00:02
2026-09-12T01:08:02+00:00,31,1.6,42600,41.60,SNl,3,00:03
2026-09-12T01:08:03+00:00,31,1.2,42600,41.60,SNl,3,00:04
2026-09-12T01:08:04+00:00,31,1.0,42600,41.60,SNl,3,00:05
2026-09-12T01:08:05+00:00,31,1.0,68204,66.61,SNl,3,00:06
2026-09-12T01:08:06+00:00,31,0.8,68204,66.61,SNl,3,00:07
2026-09-12T01:08:07+00:00,31,0.7,68204,66.61,SNl,3,00:08
2026-09-12T01:08:08+00:00,31,0.7,93808,91.61,SNl,3,00:09
2026-09-12T01:08:09+00:00,31,0.7,93808,91.61,SNl,3,00:10
2026-09-12T01:08:10+00:00,31,0.6,93808,91.61,SNl,3,00:11
2026-09-12T01:08:11+00:00,31,0.5,119412,116.61,SNl,3,00:12
2026-09-12T01:08:12+00:00,31,0.6,119412,116.61,SNl,3,00:13
2026-09-12T01:08:13+00:00,31,0.6,119412,116.61,SNl,3,00:14
2026-09-12T01:08:14+00:00,31,0.6,145016,141.62,SNl,3,00:15
2026-09-12T01:08:15+00:00,31,0.6,145016,141.62,SNl,3,00:16
2026-09-12T01:08:16+00:00,31,0.6,145016,141.62,SNl,3,00:17
2026-09-12T01:08:17+00:00,31,0.6,170620,166.62,SNl,3,00:18
2026-09-12T01:08:18+00:00,31,0.6,170620,166.62,SNl,3,00:19
2026-09-12T01:08:19+00:00,31,0.6,170620,166.62,SNl,3,00:20
2026-09-12T01:08:20+00:00,31,0.6,196224,191.62,SNl,3,00:21
2026-09-12T01:08:21+00:00,31,0.6,196224,191.62,SNl,3,00:22
2026-09-12T01:08:22+00:00,31,0.6,196224,191.62,SNl,3,00:23
2026-09-12T01:08:23+00:00,31,0.6,221828,216.63,SNl,3,00:24
2026-09-12T01:08:24+00:00,31,EXITED,,,,,

===== APPLICATION =====
>>> Starting Agent Boot Sequence...
[1/6] Checking User Account               [OK]
   ... Running as service user 'learner' (uid=1000)
[2/6] Verifying Environment Variables     [OK]
   ... All required Envs correct
[3/6] Checking Required Files             [OK]
   ... Verified 'secret.key' with correct key string.
[4/6] Checking Port Availability          [OK]
   ... Port 15034 is available.
[5/6] Verifying Log Permission            [OK]
   ... Log directory is writable: /tmp/agent-b1-2.ZZTfe0/home/logs
[6/6] Verifying Mission Environment       [OK]
   ... MEMORY_LIMIT=512MB, CPU_MAX_OCCUPY=10%, MULTI_THREAD_ENABLE=False
------------------------------------------------------------
All Boot Checks Passed!
Agent READY
2026-09-12 01:07:59,576 [INFO] [SafetyGuard] Process priority lowered (nice=10).
2026-09-12 01:07:59,576 [INFO] Agent listening at port 15034

==================================================
 [ Agent Initiate ] Resource Check 
==================================================
 [ MEMORY ] Limit: 512MB 		[ OK ]
 [ CPU    ] Limit: 10%  		[ OK ]
 [ THREAD ] Concurrency: False 		[ OK ]
--------------------------------------------------
 >>> SYSTEM STATUS: STABLE. STARTING WORKLOAD MONITORING...
==================================================

2026-09-12 01:08:01,591 [INFO] >>> Scenario Selected: [Healthy System Monitoring]

>>> [SYSTEM] ALL CONFIGURATIONS OPTIMAL. RUNNING STABILITY TEST... <<<

2026-09-12 01:08:01,592 [INFO] [Scheduler] Task Scheduler Initialized.
2026-09-12 01:08:01,593 [INFO] [Scheduler] Registered Tasks: ['Thread-A', 'Thread-B', 'Thread-C']
2026-09-12 01:08:01,593 [INFO] [Scheduler] Starting task execution...
2026-09-12 01:08:01,593 [INFO] [Thread-B] Task Started. Calculating... (20%)
2026-09-12 01:08:01,646 [INFO] [Thread-B] Calculating... (40%)
2026-09-12 01:08:01,698 [INFO] [Thread-B] Calculating... (60%)
2026-09-12 01:08:01,753 [INFO] [Thread-B] Calculating... (80%)
2026-09-12 01:08:01,809 [INFO] [Thread-B] Task Completed. (100%)
2026-09-12 01:08:01,865 [INFO] [Thread-C] Task Started. Calculating... (20%)
2026-09-12 01:08:01,921 [INFO] [Thread-C] Calculating... (40%)
2026-09-12 01:08:01,977 [INFO] [Thread-C] Calculating... (60%)
2026-09-12 01:08:02,030 [INFO] [Thread-C] Calculating... (80%)
2026-09-12 01:08:02,082 [INFO] [Thread-C] Task Completed. (100%)
2026-09-12 01:08:02,134 [INFO] [Thread-A] Task Started. Calculating... (20%)
2026-09-12 01:08:02,189 [INFO] [Thread-A] Calculating... (40%)
2026-09-12 01:08:02,243 [INFO] [Thread-A] Calculating... (60%)
2026-09-12 01:08:02,300 [INFO] [Thread-A] Calculating... (80%)
2026-09-12 01:08:02,353 [INFO] [Thread-A] Task Completed. (100%)
2026-09-12 01:08:02,409 [INFO] [Scheduler] All tasks completed.
2026-09-12 01:08:02,413 [INFO] [MemoryWorker] Current Heap: 25MB
2026-09-12 01:08:02,413 [INFO] [CpuWorker] Started. Maximum CPU Limit: 10%
2026-09-12 01:08:02,414 [INFO] [CpuWorker] Current Load: 5.00%
2026-09-12 01:08:05,431 [INFO] [MemoryWorker] Current Heap: 50MB
2026-09-12 01:08:05,543 [INFO] [CpuWorker] Current Load: 5.57%
2026-09-12 01:08:08,449 [INFO] [MemoryWorker] Current Heap: 75MB
2026-09-12 01:08:08,666 [INFO] [CpuWorker] Current Load: 9.10%
2026-09-12 01:08:10,785 [INFO] [CpuWorker] Peak reached (10.00%). Starting cooldown...
2026-09-12 01:08:11,474 [INFO] [MemoryWorker] Current Heap: 100MB
2026-09-12 01:08:11,796 [INFO] [CpuWorker] Current Load: 10.00%
2026-09-12 01:08:14,488 [INFO] [MemoryWorker] Current Heap: 125MB
2026-09-12 01:08:14,922 [INFO] [CpuWorker] Current Load: 8.42%
2026-09-12 01:08:17,044 [INFO] [CpuWorker] Cooldown complete (5.00%). Resuming load increase...
2026-09-12 01:08:17,512 [INFO] [MemoryWorker] Current Heap: 150MB
2026-09-12 01:08:18,051 [INFO] [CpuWorker] Current Load: 5.00%
2026-09-12 01:08:20,173 [INFO] [CpuWorker] Peak reached (10.00%). Starting cooldown...
2026-09-12 01:08:20,537 [INFO] [MemoryWorker] Current Heap: 175MB
2026-09-12 01:08:21,184 [INFO] [CpuWorker] Current Load: 10.00%
2026-09-12 01:08:23,300 [INFO] [CpuWorker] Cooldown complete (5.00%). Resuming load increase...
2026-09-12 01:08:23,573 [INFO] [MemoryWorker] Current Heap: 200MB
2026-09-12 01:08:24,309 [INFO] [CpuWorker] Current Load: 5.00%

===== END =====
