===== EXPERIMENT =====
CASE=deadlock-before
STARTED_AT=2026-09-12T01:01:04+00:00
PID=30
LAUNCHER_PID=25
ARCH=aarch64
MEMORY_LIMIT=512
CPU_MAX_OCCUPY=10
MULTI_THREAD_ENABLE=true
TIME_LIMIT_SECONDS=20
TIMED_OUT=true
PROCESS_EXIT_STATUS=143

===== MONITOR =====
TIMESTAMP,PID,CPU_PERCENT,RSS_KB,MEM_MB,STATE,THREADS,ELAPSED
2026-09-12T01:01:04+00:00,30,0.0,16728,16.34,SN,1,00:00
2026-09-12T01:01:05+00:00,30,2.0,16728,16.34,SN,1,00:01
2026-09-12T01:01:06+00:00,30,1.0,16728,16.34,SN,1,00:02
2026-09-12T01:01:07+00:00,30,0.6,16728,16.34,SN,1,00:03
2026-09-12T01:01:08+00:00,30,0.5,16728,16.34,SN,1,00:04
2026-09-12T01:01:09+00:00,30,0.4,16728,16.34,SN,1,00:05
2026-09-12T01:01:10+00:00,30,0.3,16728,16.34,SN,1,00:06
2026-09-12T01:01:11+00:00,30,0.2,16848,16.45,SNl,3,00:07
2026-09-12T01:01:12+00:00,30,0.2,16848,16.45,SNl,3,00:08
2026-09-12T01:01:13+00:00,30,0.2,16848,16.45,SNl,3,00:09
2026-09-12T01:01:14+00:00,30,0.2,16848,16.45,SNl,3,00:10
2026-09-12T01:01:15+00:00,30,0.1,16848,16.45,SNl,3,00:11
2026-09-12T01:01:16+00:00,30,0.1,16848,16.45,SNl,3,00:12
2026-09-12T01:01:17+00:00,30,0.1,16848,16.45,SNl,3,00:13
2026-09-12T01:01:18+00:00,30,0.1,16848,16.45,SNl,3,00:14
2026-09-12T01:01:20+00:00,30,0.1,16848,16.45,SNl,3,00:15
2026-09-12T01:01:21+00:00,30,0.1,16848,16.45,SNl,3,00:16
2026-09-12T01:01:22+00:00,30,0.1,16848,16.45,SNl,3,00:17
2026-09-12T01:01:23+00:00,30,0.1,16848,16.45,SNl,3,00:18
2026-09-12T01:01:24+00:00,30,0.1,16848,16.45,SNl,3,00:19
2026-09-12T01:01:25+00:00,30,EXITED,,,,,

===== APPLICATION =====
>>> Starting Agent Boot Sequence...
[1/6] Checking User Account               [OK]
   ... Running as service user 'learner' (uid=1000)
[2/6] Verifying Environment Variables     [OK]
   ... All required Envs correct
[3/6] Checking Required Files             [OK]
   ... Verified 'secret.key' with correct key string.
[4/6] Checking Port Availability          [OK]
   ... Port 15034 is available.
[5/6] Verifying Log Permission            [OK]
   ... Log directory is writable: /tmp/agent-b1-2.ruhyVW/home/logs
[6/6] Verifying Mission Environment       [OK]
   ... MEMORY_LIMIT=512MB, CPU_MAX_OCCUPY=10%, MULTI_THREAD_ENABLE=True
------------------------------------------------------------
All Boot Checks Passed!
Agent READY
2026-09-12 01:01:04,808 [INFO] [SafetyGuard] Process priority lowered (nice=10).
2026-09-12 01:01:04,808 [INFO] Agent listening at port 15034

==================================================
 [ Agent Initiate ] Resource Check 
==================================================
 [ MEMORY ] Limit: 512MB 		[ OK ]
 [ CPU    ] Limit: 10%  		[ OK ]
 [ THREAD ] Concurrency: True 		[ WARNING ]
--------------------------------------------------
 >>> SYSTEM WARNING: POTENTIAL DEADLOCK IN CONCURRENT MODE.
==================================================

2026-09-12 01:01:06,822 [WARNING] [AgentWorker] Initializing concurrent transaction processors...
2026-09-12 01:01:06,823 [WARNING] [System] CAUTION: Strict resource locking is enabled.
2026-09-12 01:01:11,831 [INFO] [Worker-Thread-1] Process Started. Attempting to lock [Shared_Memory_A]...
2026-09-12 01:01:11,832 [INFO] [AgentWorker][Worker-Thread-2] Process Started. Attempting to lock [Socket_Pool_B]...
2026-09-12 01:01:11,832 [INFO] [AgentWorker] Waiting for worker threads to complete transactions...
2026-09-12 01:01:11,832 [INFO] [AgentWorker][Worker-Thread-1] LOCK ACQUIRED: [Shared_Memory_A]. (Holding...)
2026-09-12 01:01:11,832 [INFO] [AgentWorker][Worker-Thread-2] LOCK ACQUIRED: [Socket_Pool_B]. (Holding...)
2026-09-12 01:01:11,833 [INFO] [AgentWorker][Worker-Thread-1] Processing critical data in Memory A...
2026-09-12 01:01:11,833 [INFO] [AgentWorker][Worker-Thread-2] Establishing network connections in Pool B...
2026-09-12 01:01:13,846 [INFO] [AgentWorker][Worker-Thread-2] Need resource [Shared_Memory_A] to write logs.
2026-09-12 01:01:13,846 [INFO] [AgentWorker][Worker-Thread-2] WAITING for [Shared_Memory_A]... (Status: BLOCKED)
2026-09-12 01:01:13,848 [INFO] [AgentWorker][Worker-Thread-1] Need resource [Socket_Pool_B] to finish job.
2026-09-12 01:01:13,848 [INFO] [AgentWorker][Worker-Thread-1] WAITING for [Socket_Pool_B]... (Status: BLOCKED)

===== END =====
