===== EXPERIMENT =====
CASE=deadlock-after
STARTED_AT=2026-09-12T01:08:49+00:00
PID=31
LAUNCHER_PID=26
ARCH=aarch64
MEMORY_LIMIT=512
CPU_MAX_OCCUPY=10
MULTI_THREAD_ENABLE=false
TIME_LIMIT_SECONDS=20
TIMED_OUT=true
PROCESS_EXIT_STATUS=143

===== MONITOR =====
TIMESTAMP,PID,CPU_PERCENT,RSS_KB,MEM_MB,STATE,THREADS,ELAPSED
2026-09-12T01:08:49+00:00,31,0.0,16728,16.34,SN,1,00:00
2026-09-12T01:08:50+00:00,31,2.0,16728,16.34,SN,1,00:01
2026-09-12T01:08:51+00:00,31,1.0,16728,16.34,SN,1,00:02
2026-09-12T01:08:52+00:00,31,1.3,42600,41.60,SNl,3,00:03
2026-09-12T01:08:53+00:00,31,1.0,42600,41.60,SNl,3,00:04
2026-09-12T01:08:54+00:00,31,0.8,42600,41.60,SNl,3,00:05
2026-09-12T01:08:55+00:00,31,0.8,68208,66.61,SNl,3,00:06
2026-09-12T01:08:56+00:00,31,0.7,68208,66.61,SNl,3,00:07
2026-09-12T01:08:57+00:00,31,0.7,68208,66.61,SNl,3,00:08
2026-09-12T01:08:58+00:00,31,0.7,93812,91.61,SNl,3,00:09
2026-09-12T01:08:59+00:00,31,0.7,93812,91.61,SNl,3,00:10
2026-09-12T01:09:00+00:00,31,0.6,93812,91.61,SNl,3,00:11
2026-09-12T01:09:01+00:00,31,0.6,119416,116.62,SNl,3,00:12
2026-09-12T01:09:02+00:00,31,0.6,119416,116.62,SNl,3,00:13
2026-09-12T01:09:03+00:00,31,0.5,119416,116.62,SNl,3,00:14
2026-09-12T01:09:04+00:00,31,0.6,145020,141.62,SNl,3,00:15
2026-09-12T01:09:05+00:00,31,0.5,145020,141.62,SNl,3,00:16
2026-09-12T01:09:06+00:00,31,0.5,145020,141.62,SNl,3,00:17
2026-09-12T01:09:07+00:00,31,0.5,170624,166.62,SNl,3,00:18
2026-09-12T01:09:08+00:00,31,0.5,170624,166.62,SNl,3,00:19
2026-09-12T01:09:10+00:00,31,EXITED,,,,,

===== APPLICATION =====
>>> Starting Agent Boot Sequence...
[1/6] Checking User Account               [OK]
   ... Running as service user 'learner' (uid=1000)
[2/6] Verifying Environment Variables     [OK]
   ... All required Envs correct
[3/6] Checking Required Files             [OK]
   ... Verified 'secret.key' with correct key string.
[4/6] Checking Port Availability          [OK]
   ... Port 15034 is available.
[5/6] Verifying Log Permission            [OK]
   ... Log directory is writable: /tmp/agent-b1-2.V0ssdZ/home/logs
[6/6] Verifying Mission Environment       [OK]
   ... MEMORY_LIMIT=512MB, CPU_MAX_OCCUPY=10%, MULTI_THREAD_ENABLE=False
------------------------------------------------------------
All Boot Checks Passed!
Agent READY
2026-09-12 01:08:49,693 [INFO] [SafetyGuard] Process priority lowered (nice=10).
2026-09-12 01:08:49,693 [INFO] Agent listening at port 15034

==================================================
 [ Agent Initiate ] Resource Check 
==================================================
 [ MEMORY ] Limit: 512MB 		[ OK ]
 [ CPU    ] Limit: 10%  		[ OK ]
 [ THREAD ] Concurrency: False 		[ OK ]
--------------------------------------------------
 >>> SYSTEM STATUS: STABLE. STARTING WORKLOAD MONITORING...
==================================================

2026-09-12 01:08:51,707 [INFO] >>> Scenario Selected: [Healthy System Monitoring]

>>> [SYSTEM] ALL CONFIGURATIONS OPTIMAL. RUNNING STABILITY TEST... <<<

2026-09-12 01:08:51,708 [INFO] [Scheduler] Task Scheduler Initialized.
2026-09-12 01:08:51,708 [INFO] [Scheduler] Registered Tasks: ['Thread-A', 'Thread-B', 'Thread-C']
2026-09-12 01:08:51,708 [INFO] [Scheduler] Starting task execution...
2026-09-12 01:08:51,708 [INFO] [Thread-B] Task Started. Calculating... (20%)
2026-09-12 01:08:51,759 [INFO] [Thread-B] Calculating... (40%)
2026-09-12 01:08:51,811 [INFO] [Thread-B] Calculating... (60%)
2026-09-12 01:08:51,864 [INFO] [Thread-B] Calculating... (80%)
2026-09-12 01:08:51,916 [INFO] [Thread-B] Task Completed. (100%)
2026-09-12 01:08:51,968 [INFO] [Thread-C] Task Started. Calculating... (20%)
2026-09-12 01:08:52,019 [INFO] [Thread-C] Calculating... (40%)
2026-09-12 01:08:52,074 [INFO] [Thread-C] Calculating... (60%)
2026-09-12 01:08:52,126 [INFO] [Thread-C] Calculating... (80%)
2026-09-12 01:08:52,178 [INFO] [Thread-C] Task Completed. (100%)
2026-09-12 01:08:52,232 [INFO] [Thread-A] Task Started. Calculating... (20%)
2026-09-12 01:08:52,286 [INFO] [Thread-A] Calculating... (40%)
2026-09-12 01:08:52,338 [INFO] [Thread-A] Calculating... (60%)
2026-09-12 01:08:52,391 [INFO] [Thread-A] Calculating... (80%)
2026-09-12 01:08:52,444 [INFO] [Thread-A] Task Completed. (100%)
2026-09-12 01:08:52,500 [INFO] [Scheduler] All tasks completed.
2026-09-12 01:08:52,504 [INFO] [MemoryWorker] Current Heap: 25MB
2026-09-12 01:08:52,505 [INFO] [CpuWorker] Started. Maximum CPU Limit: 10%
2026-09-12 01:08:52,505 [INFO] [CpuWorker] Current Load: 5.00%
2026-09-12 01:08:54,627 [INFO] [CpuWorker] Peak reached (10.00%). Starting cooldown...
2026-09-12 01:08:55,506 [INFO] [MemoryWorker] Current Heap: 50MB
2026-09-12 01:08:55,635 [INFO] [CpuWorker] Current Load: 10.00%
2026-09-12 01:08:57,752 [INFO] [CpuWorker] Cooldown complete (5.00%). Resuming load increase...
2026-09-12 01:08:58,531 [INFO] [MemoryWorker] Current Heap: 75MB
2026-09-12 01:08:58,759 [INFO] [CpuWorker] Current Load: 5.00%
2026-09-12 01:09:00,872 [INFO] [CpuWorker] Peak reached (10.00%). Starting cooldown...
2026-09-12 01:09:01,545 [INFO] [MemoryWorker] Current Heap: 100MB
2026-09-12 01:09:01,877 [INFO] [CpuWorker] Current Load: 10.00%
2026-09-12 01:09:03,998 [INFO] [CpuWorker] Cooldown complete (5.00%). Resuming load increase...
2026-09-12 01:09:04,570 [INFO] [MemoryWorker] Current Heap: 125MB
2026-09-12 01:09:05,009 [INFO] [CpuWorker] Current Load: 5.00%
2026-09-12 01:09:07,594 [INFO] [MemoryWorker] Current Heap: 150MB
2026-09-12 01:09:08,131 [INFO] [CpuWorker] Current Load: 8.59%

===== END =====
